ARM GAS  C:\Users\BABEH_~1\AppData\Local\Temp\ccwlT7S3.s 			page 1


   1              		.syntax unified
   2              		.cpu cortex-m0
   3              		.fpu softvfp
   4              		.eabi_attribute 20, 1
   5              		.eabi_attribute 21, 1
   6              		.eabi_attribute 23, 3
   7              		.eabi_attribute 24, 1
   8              		.eabi_attribute 25, 1
   9              		.eabi_attribute 26, 1
  10              		.eabi_attribute 30, 6
  11              		.eabi_attribute 34, 0
  12              		.eabi_attribute 18, 4
  13              		.thumb
  14              		.syntax unified
  15              		.file	"cyfitter_cfg.c"
  16              		.text
  17              	.Ltext0:
  18              		.cfi_sections	.debug_frame
  19              		.section	.text.CYMEMZERO,"ax",%progbits
  20              		.align	2
  21              		.code	16
  22              		.thumb_func
  23              		.type	CYMEMZERO, %function
  24              	CYMEMZERO:
  25              	.LFB2:
  26              		.file 1 "Generated_Source\\PSoC4\\cyfitter_cfg.c"
   1:Generated_Source\PSoC4/cyfitter_cfg.c **** 
   2:Generated_Source\PSoC4/cyfitter_cfg.c **** /*******************************************************************************
   3:Generated_Source\PSoC4/cyfitter_cfg.c **** * File Name: cyfitter_cfg.c
   4:Generated_Source\PSoC4/cyfitter_cfg.c **** * 
   5:Generated_Source\PSoC4/cyfitter_cfg.c **** * PSoC Creator  4.1 Update 1
   6:Generated_Source\PSoC4/cyfitter_cfg.c **** *
   7:Generated_Source\PSoC4/cyfitter_cfg.c **** * Description:
   8:Generated_Source\PSoC4/cyfitter_cfg.c **** * This file contains device initialization code.
   9:Generated_Source\PSoC4/cyfitter_cfg.c **** * Except for the user defined sections in CyClockStartupError(), this file should not be modified.
  10:Generated_Source\PSoC4/cyfitter_cfg.c **** * This file is automatically generated by PSoC Creator.
  11:Generated_Source\PSoC4/cyfitter_cfg.c **** *
  12:Generated_Source\PSoC4/cyfitter_cfg.c **** ********************************************************************************
  13:Generated_Source\PSoC4/cyfitter_cfg.c **** * Copyright (c) 2007-2017 Cypress Semiconductor.  All rights reserved.
  14:Generated_Source\PSoC4/cyfitter_cfg.c **** * You may use this file only in accordance with the license, terms, conditions, 
  15:Generated_Source\PSoC4/cyfitter_cfg.c **** * disclaimers, and limitations in the end user license agreement accompanying 
  16:Generated_Source\PSoC4/cyfitter_cfg.c **** * the software package with which this file was provided.
  17:Generated_Source\PSoC4/cyfitter_cfg.c **** ********************************************************************************/
  18:Generated_Source\PSoC4/cyfitter_cfg.c **** 
  19:Generated_Source\PSoC4/cyfitter_cfg.c **** #include <string.h>
  20:Generated_Source\PSoC4/cyfitter_cfg.c **** #include "cytypes.h"
  21:Generated_Source\PSoC4/cyfitter_cfg.c **** #include "cydevice_trm.h"
  22:Generated_Source\PSoC4/cyfitter_cfg.c **** #include "cyfitter.h"
  23:Generated_Source\PSoC4/cyfitter_cfg.c **** #include "CyLib.h"
  24:Generated_Source\PSoC4/cyfitter_cfg.c **** #include "cyfitter_cfg.h"
  25:Generated_Source\PSoC4/cyfitter_cfg.c **** #include "cyapicallbacks.h"
  26:Generated_Source\PSoC4/cyfitter_cfg.c **** 
  27:Generated_Source\PSoC4/cyfitter_cfg.c **** 
  28:Generated_Source\PSoC4/cyfitter_cfg.c **** #if defined(__GNUC__) || defined(__ARMCC_VERSION)
  29:Generated_Source\PSoC4/cyfitter_cfg.c ****     #define CYPACKED 
  30:Generated_Source\PSoC4/cyfitter_cfg.c ****     #define CYPACKED_ATTR __attribute__ ((packed))
  31:Generated_Source\PSoC4/cyfitter_cfg.c ****     #define CYALIGNED __attribute__ ((aligned))
ARM GAS  C:\Users\BABEH_~1\AppData\Local\Temp\ccwlT7S3.s 			page 2


  32:Generated_Source\PSoC4/cyfitter_cfg.c ****     #define CY_CFG_UNUSED __attribute__ ((unused))
  33:Generated_Source\PSoC4/cyfitter_cfg.c ****     #ifndef CY_CFG_SECTION
  34:Generated_Source\PSoC4/cyfitter_cfg.c ****         #define CY_CFG_SECTION __attribute__ ((section(".psocinit")))
  35:Generated_Source\PSoC4/cyfitter_cfg.c ****     #endif
  36:Generated_Source\PSoC4/cyfitter_cfg.c ****     
  37:Generated_Source\PSoC4/cyfitter_cfg.c ****     #if defined(__ARMCC_VERSION)
  38:Generated_Source\PSoC4/cyfitter_cfg.c ****         #define CY_CFG_MEMORY_BARRIER() __memory_changed()
  39:Generated_Source\PSoC4/cyfitter_cfg.c ****     #else
  40:Generated_Source\PSoC4/cyfitter_cfg.c ****         #define CY_CFG_MEMORY_BARRIER() __sync_synchronize()
  41:Generated_Source\PSoC4/cyfitter_cfg.c ****     #endif
  42:Generated_Source\PSoC4/cyfitter_cfg.c ****     
  43:Generated_Source\PSoC4/cyfitter_cfg.c **** #elif defined(__ICCARM__)
  44:Generated_Source\PSoC4/cyfitter_cfg.c ****     #include <intrinsics.h>
  45:Generated_Source\PSoC4/cyfitter_cfg.c **** 
  46:Generated_Source\PSoC4/cyfitter_cfg.c ****     #define CYPACKED __packed
  47:Generated_Source\PSoC4/cyfitter_cfg.c ****     #define CYPACKED_ATTR 
  48:Generated_Source\PSoC4/cyfitter_cfg.c ****     #define CYALIGNED _Pragma("data_alignment=4")
  49:Generated_Source\PSoC4/cyfitter_cfg.c ****     #define CY_CFG_UNUSED _Pragma("diag_suppress=Pe177")
  50:Generated_Source\PSoC4/cyfitter_cfg.c ****     #define CY_CFG_SECTION _Pragma("location=\".psocinit\"")
  51:Generated_Source\PSoC4/cyfitter_cfg.c ****     
  52:Generated_Source\PSoC4/cyfitter_cfg.c ****     #define CY_CFG_MEMORY_BARRIER() __DMB()
  53:Generated_Source\PSoC4/cyfitter_cfg.c ****     
  54:Generated_Source\PSoC4/cyfitter_cfg.c **** #else
  55:Generated_Source\PSoC4/cyfitter_cfg.c ****     #error Unsupported toolchain
  56:Generated_Source\PSoC4/cyfitter_cfg.c **** #endif
  57:Generated_Source\PSoC4/cyfitter_cfg.c **** 
  58:Generated_Source\PSoC4/cyfitter_cfg.c **** #ifndef CYCODE
  59:Generated_Source\PSoC4/cyfitter_cfg.c ****     #define CYCODE
  60:Generated_Source\PSoC4/cyfitter_cfg.c **** #endif
  61:Generated_Source\PSoC4/cyfitter_cfg.c **** #ifndef CYDATA
  62:Generated_Source\PSoC4/cyfitter_cfg.c ****     #define CYDATA
  63:Generated_Source\PSoC4/cyfitter_cfg.c **** #endif
  64:Generated_Source\PSoC4/cyfitter_cfg.c **** #ifndef CYFAR
  65:Generated_Source\PSoC4/cyfitter_cfg.c ****     #define CYFAR
  66:Generated_Source\PSoC4/cyfitter_cfg.c **** #endif
  67:Generated_Source\PSoC4/cyfitter_cfg.c **** #ifndef CYXDATA
  68:Generated_Source\PSoC4/cyfitter_cfg.c ****     #define CYXDATA
  69:Generated_Source\PSoC4/cyfitter_cfg.c **** #endif
  70:Generated_Source\PSoC4/cyfitter_cfg.c **** 
  71:Generated_Source\PSoC4/cyfitter_cfg.c **** 
  72:Generated_Source\PSoC4/cyfitter_cfg.c **** CY_CFG_UNUSED
  73:Generated_Source\PSoC4/cyfitter_cfg.c **** static void CYMEMZERO(void *s, size_t n);
  74:Generated_Source\PSoC4/cyfitter_cfg.c **** CY_CFG_UNUSED
  75:Generated_Source\PSoC4/cyfitter_cfg.c **** static void CYMEMZERO(void *s, size_t n)
  76:Generated_Source\PSoC4/cyfitter_cfg.c **** {
  27              		.loc 1 76 0
  28              		.cfi_startproc
  29              		@ args = 0, pretend = 0, frame = 8
  30              		@ frame_needed = 1, uses_anonymous_args = 0
  31 0000 80B5     		push	{r7, lr}
  32              		.cfi_def_cfa_offset 8
  33              		.cfi_offset 7, -8
  34              		.cfi_offset 14, -4
  35 0002 82B0     		sub	sp, sp, #8
  36              		.cfi_def_cfa_offset 16
  37 0004 00AF     		add	r7, sp, #0
  38              		.cfi_def_cfa_register 7
ARM GAS  C:\Users\BABEH_~1\AppData\Local\Temp\ccwlT7S3.s 			page 3


  39 0006 7860     		str	r0, [r7, #4]
  40 0008 3960     		str	r1, [r7]
  77:Generated_Source\PSoC4/cyfitter_cfg.c **** 	(void)memset(s, 0, n);
  41              		.loc 1 77 0
  42 000a 3A68     		ldr	r2, [r7]
  43 000c 7B68     		ldr	r3, [r7, #4]
  44 000e 0021     		movs	r1, #0
  45 0010 1800     		movs	r0, r3
  46 0012 FFF7FEFF 		bl	memset
  78:Generated_Source\PSoC4/cyfitter_cfg.c **** }
  47              		.loc 1 78 0
  48 0016 C046     		nop
  49 0018 BD46     		mov	sp, r7
  50 001a 02B0     		add	sp, sp, #8
  51              		@ sp needed
  52 001c 80BD     		pop	{r7, pc}
  53              		.cfi_endproc
  54              	.LFE2:
  55              		.size	CYMEMZERO, .-CYMEMZERO
  56 001e C046     		.section	.text.CYCONFIGCPY,"ax",%progbits
  57              		.align	2
  58              		.code	16
  59              		.thumb_func
  60              		.type	CYCONFIGCPY, %function
  61              	CYCONFIGCPY:
  62              	.LFB3:
  79:Generated_Source\PSoC4/cyfitter_cfg.c **** CY_CFG_UNUSED
  80:Generated_Source\PSoC4/cyfitter_cfg.c **** static void CYCONFIGCPY(void *dest, const void *src, size_t n);
  81:Generated_Source\PSoC4/cyfitter_cfg.c **** CY_CFG_UNUSED
  82:Generated_Source\PSoC4/cyfitter_cfg.c **** static void CYCONFIGCPY(void *dest, const void *src, size_t n)
  83:Generated_Source\PSoC4/cyfitter_cfg.c **** {
  63              		.loc 1 83 0
  64              		.cfi_startproc
  65              		@ args = 0, pretend = 0, frame = 16
  66              		@ frame_needed = 1, uses_anonymous_args = 0
  67 0000 80B5     		push	{r7, lr}
  68              		.cfi_def_cfa_offset 8
  69              		.cfi_offset 7, -8
  70              		.cfi_offset 14, -4
  71 0002 84B0     		sub	sp, sp, #16
  72              		.cfi_def_cfa_offset 24
  73 0004 00AF     		add	r7, sp, #0
  74              		.cfi_def_cfa_register 7
  75 0006 F860     		str	r0, [r7, #12]
  76 0008 B960     		str	r1, [r7, #8]
  77 000a 7A60     		str	r2, [r7, #4]
  84:Generated_Source\PSoC4/cyfitter_cfg.c **** 	(void)memcpy(dest, src, n);
  78              		.loc 1 84 0
  79 000c 7A68     		ldr	r2, [r7, #4]
  80 000e B968     		ldr	r1, [r7, #8]
  81 0010 FB68     		ldr	r3, [r7, #12]
  82 0012 1800     		movs	r0, r3
  83 0014 FFF7FEFF 		bl	memcpy
  85:Generated_Source\PSoC4/cyfitter_cfg.c **** }
  84              		.loc 1 85 0
  85 0018 C046     		nop
  86 001a BD46     		mov	sp, r7
ARM GAS  C:\Users\BABEH_~1\AppData\Local\Temp\ccwlT7S3.s 			page 4


  87 001c 04B0     		add	sp, sp, #16
  88              		@ sp needed
  89 001e 80BD     		pop	{r7, pc}
  90              		.cfi_endproc
  91              	.LFE3:
  92              		.size	CYCONFIGCPY, .-CYCONFIGCPY
  93              		.section	.text.CYCONFIGCPYCODE,"ax",%progbits
  94              		.align	2
  95              		.code	16
  96              		.thumb_func
  97              		.type	CYCONFIGCPYCODE, %function
  98              	CYCONFIGCPYCODE:
  99              	.LFB4:
  86:Generated_Source\PSoC4/cyfitter_cfg.c **** CY_CFG_UNUSED
  87:Generated_Source\PSoC4/cyfitter_cfg.c **** static void CYCONFIGCPYCODE(void *dest, const void *src, size_t n);
  88:Generated_Source\PSoC4/cyfitter_cfg.c **** CY_CFG_UNUSED
  89:Generated_Source\PSoC4/cyfitter_cfg.c **** static void CYCONFIGCPYCODE(void *dest, const void *src, size_t n)
  90:Generated_Source\PSoC4/cyfitter_cfg.c **** {
 100              		.loc 1 90 0
 101              		.cfi_startproc
 102              		@ args = 0, pretend = 0, frame = 16
 103              		@ frame_needed = 1, uses_anonymous_args = 0
 104 0000 80B5     		push	{r7, lr}
 105              		.cfi_def_cfa_offset 8
 106              		.cfi_offset 7, -8
 107              		.cfi_offset 14, -4
 108 0002 84B0     		sub	sp, sp, #16
 109              		.cfi_def_cfa_offset 24
 110 0004 00AF     		add	r7, sp, #0
 111              		.cfi_def_cfa_register 7
 112 0006 F860     		str	r0, [r7, #12]
 113 0008 B960     		str	r1, [r7, #8]
 114 000a 7A60     		str	r2, [r7, #4]
  91:Generated_Source\PSoC4/cyfitter_cfg.c **** 	(void)memcpy(dest, src, n);
 115              		.loc 1 91 0
 116 000c 7A68     		ldr	r2, [r7, #4]
 117 000e B968     		ldr	r1, [r7, #8]
 118 0010 FB68     		ldr	r3, [r7, #12]
 119 0012 1800     		movs	r0, r3
 120 0014 FFF7FEFF 		bl	memcpy
  92:Generated_Source\PSoC4/cyfitter_cfg.c **** }
 121              		.loc 1 92 0
 122 0018 C046     		nop
 123 001a BD46     		mov	sp, r7
 124 001c 04B0     		add	sp, sp, #16
 125              		@ sp needed
 126 001e 80BD     		pop	{r7, pc}
 127              		.cfi_endproc
 128              	.LFE4:
 129              		.size	CYCONFIGCPYCODE, .-CYCONFIGCPYCODE
 130              		.section	.psocinit,"ax",%progbits
 131              		.align	2
 132              		.code	16
 133              		.thumb_func
 134              		.type	ClockSetup, %function
 135              	ClockSetup:
 136              	.LFB5:
ARM GAS  C:\Users\BABEH_~1\AppData\Local\Temp\ccwlT7S3.s 			page 5


  93:Generated_Source\PSoC4/cyfitter_cfg.c **** 
  94:Generated_Source\PSoC4/cyfitter_cfg.c **** 
  95:Generated_Source\PSoC4/cyfitter_cfg.c **** 
  96:Generated_Source\PSoC4/cyfitter_cfg.c **** 
  97:Generated_Source\PSoC4/cyfitter_cfg.c **** /* Clock startup error codes                                                   */
  98:Generated_Source\PSoC4/cyfitter_cfg.c **** #define CYCLOCKSTART_NO_ERROR    0u
  99:Generated_Source\PSoC4/cyfitter_cfg.c **** #define CYCLOCKSTART_XTAL_ERROR  1u
 100:Generated_Source\PSoC4/cyfitter_cfg.c **** #define CYCLOCKSTART_32KHZ_ERROR 2u
 101:Generated_Source\PSoC4/cyfitter_cfg.c **** #define CYCLOCKSTART_PLL_ERROR   3u
 102:Generated_Source\PSoC4/cyfitter_cfg.c **** #define CYCLOCKSTART_FLL_ERROR   4u
 103:Generated_Source\PSoC4/cyfitter_cfg.c **** 
 104:Generated_Source\PSoC4/cyfitter_cfg.c **** 
 105:Generated_Source\PSoC4/cyfitter_cfg.c **** #ifdef CY_NEED_CYCLOCKSTARTUPERROR
 106:Generated_Source\PSoC4/cyfitter_cfg.c **** /*******************************************************************************
 107:Generated_Source\PSoC4/cyfitter_cfg.c **** * Function Name: CyClockStartupError
 108:Generated_Source\PSoC4/cyfitter_cfg.c **** ********************************************************************************
 109:Generated_Source\PSoC4/cyfitter_cfg.c **** * Summary:
 110:Generated_Source\PSoC4/cyfitter_cfg.c **** *  If an error is encountered during clock configuration (crystal startup error,
 111:Generated_Source\PSoC4/cyfitter_cfg.c **** *  PLL lock error, etc.), the system will end up here.  Unless reimplemented by
 112:Generated_Source\PSoC4/cyfitter_cfg.c **** *  the customer, this function will stop in an infinite loop.
 113:Generated_Source\PSoC4/cyfitter_cfg.c **** *
 114:Generated_Source\PSoC4/cyfitter_cfg.c **** * Parameters:
 115:Generated_Source\PSoC4/cyfitter_cfg.c **** *   void
 116:Generated_Source\PSoC4/cyfitter_cfg.c **** *
 117:Generated_Source\PSoC4/cyfitter_cfg.c **** * Return:
 118:Generated_Source\PSoC4/cyfitter_cfg.c **** *   void
 119:Generated_Source\PSoC4/cyfitter_cfg.c **** *
 120:Generated_Source\PSoC4/cyfitter_cfg.c **** *******************************************************************************/
 121:Generated_Source\PSoC4/cyfitter_cfg.c **** CY_CFG_UNUSED
 122:Generated_Source\PSoC4/cyfitter_cfg.c **** static void CyClockStartupError(uint8 errorCode);
 123:Generated_Source\PSoC4/cyfitter_cfg.c **** CY_CFG_UNUSED
 124:Generated_Source\PSoC4/cyfitter_cfg.c **** static void CyClockStartupError(uint8 errorCode)
 125:Generated_Source\PSoC4/cyfitter_cfg.c **** {
 126:Generated_Source\PSoC4/cyfitter_cfg.c ****     /* To remove the compiler warning if errorCode not used. */
 127:Generated_Source\PSoC4/cyfitter_cfg.c **** #if defined(CY_PSOC3) && (CY_PSOC3)
 128:Generated_Source\PSoC4/cyfitter_cfg.c ****     errorCode = errorCode;
 129:Generated_Source\PSoC4/cyfitter_cfg.c **** #else
 130:Generated_Source\PSoC4/cyfitter_cfg.c ****     (void)errorCode;
 131:Generated_Source\PSoC4/cyfitter_cfg.c **** #endif /* CY_PSOC3 */
 132:Generated_Source\PSoC4/cyfitter_cfg.c **** 
 133:Generated_Source\PSoC4/cyfitter_cfg.c ****     /* If we have a clock startup error (bad MHz crystal, PLL lock, etc.),  */
 134:Generated_Source\PSoC4/cyfitter_cfg.c ****     /* we will end up here to allow the customer to implement something to  */
 135:Generated_Source\PSoC4/cyfitter_cfg.c ****     /* deal with the clock condition.                                       */
 136:Generated_Source\PSoC4/cyfitter_cfg.c **** 
 137:Generated_Source\PSoC4/cyfitter_cfg.c **** #ifdef CY_CFG_CLOCK_STARTUP_ERROR_CALLBACK
 138:Generated_Source\PSoC4/cyfitter_cfg.c ****     CY_CFG_Clock_Startup_ErrorCallback();
 139:Generated_Source\PSoC4/cyfitter_cfg.c **** #else
 140:Generated_Source\PSoC4/cyfitter_cfg.c ****     /*  If not using CY_CFG_CLOCK_STARTUP_ERROR_CALLBACK, place your clock startup code here. */
 141:Generated_Source\PSoC4/cyfitter_cfg.c ****     /* `#START CyClockStartupError` */
 142:Generated_Source\PSoC4/cyfitter_cfg.c **** 
 143:Generated_Source\PSoC4/cyfitter_cfg.c **** 
 144:Generated_Source\PSoC4/cyfitter_cfg.c **** 
 145:Generated_Source\PSoC4/cyfitter_cfg.c ****     /* `#END` */
 146:Generated_Source\PSoC4/cyfitter_cfg.c **** 
 147:Generated_Source\PSoC4/cyfitter_cfg.c ****     while(1) {}
 148:Generated_Source\PSoC4/cyfitter_cfg.c **** #endif /* CY_CFG_CLOCK_STARTUP_ERROR_CALLBACK */
 149:Generated_Source\PSoC4/cyfitter_cfg.c **** }
ARM GAS  C:\Users\BABEH_~1\AppData\Local\Temp\ccwlT7S3.s 			page 6


 150:Generated_Source\PSoC4/cyfitter_cfg.c **** #endif
 151:Generated_Source\PSoC4/cyfitter_cfg.c **** 
 152:Generated_Source\PSoC4/cyfitter_cfg.c **** 
 153:Generated_Source\PSoC4/cyfitter_cfg.c **** 
 154:Generated_Source\PSoC4/cyfitter_cfg.c **** /*******************************************************************************
 155:Generated_Source\PSoC4/cyfitter_cfg.c **** * Function Name: ClockSetup
 156:Generated_Source\PSoC4/cyfitter_cfg.c **** ********************************************************************************
 157:Generated_Source\PSoC4/cyfitter_cfg.c **** *
 158:Generated_Source\PSoC4/cyfitter_cfg.c **** * Summary:
 159:Generated_Source\PSoC4/cyfitter_cfg.c **** *   Performs the initialization of all of the clocks in the device based on the
 160:Generated_Source\PSoC4/cyfitter_cfg.c **** *   settings in the Clock tab of the DWR.  This includes enabling the requested
 161:Generated_Source\PSoC4/cyfitter_cfg.c **** *   clocks and setting the necessary dividers to produce the desired frequency. 
 162:Generated_Source\PSoC4/cyfitter_cfg.c **** *
 163:Generated_Source\PSoC4/cyfitter_cfg.c **** * Parameters:
 164:Generated_Source\PSoC4/cyfitter_cfg.c **** *   void
 165:Generated_Source\PSoC4/cyfitter_cfg.c **** *
 166:Generated_Source\PSoC4/cyfitter_cfg.c **** * Return:
 167:Generated_Source\PSoC4/cyfitter_cfg.c **** *   void
 168:Generated_Source\PSoC4/cyfitter_cfg.c **** *
 169:Generated_Source\PSoC4/cyfitter_cfg.c **** *******************************************************************************/
 170:Generated_Source\PSoC4/cyfitter_cfg.c **** static void ClockSetup(void);
 171:Generated_Source\PSoC4/cyfitter_cfg.c **** CY_CFG_SECTION
 172:Generated_Source\PSoC4/cyfitter_cfg.c **** static void ClockSetup(void)
 173:Generated_Source\PSoC4/cyfitter_cfg.c **** {
 137              		.loc 1 173 0
 138              		.cfi_startproc
 139              		@ args = 0, pretend = 0, frame = 0
 140              		@ frame_needed = 1, uses_anonymous_args = 0
 141 0000 80B5     		push	{r7, lr}
 142              		.cfi_def_cfa_offset 8
 143              		.cfi_offset 7, -8
 144              		.cfi_offset 14, -4
 145 0002 00AF     		add	r7, sp, #0
 146              		.cfi_def_cfa_register 7
 174:Generated_Source\PSoC4/cyfitter_cfg.c **** 
 175:Generated_Source\PSoC4/cyfitter_cfg.c **** 	/* Set Flash Cycles based on max possible frequency in case a glitch occurs during ClockSetup(). *
 176:Generated_Source\PSoC4/cyfitter_cfg.c **** 	CY_SET_REG32((void CYXDATA *)(CYREG_CPUSS_FLASH_CTL), (0x0012u));
 147              		.loc 1 176 0
 148 0004 1F4B     		ldr	r3, .L5
 149 0006 1222     		movs	r2, #18
 150 0008 1A60     		str	r2, [r3]
 177:Generated_Source\PSoC4/cyfitter_cfg.c **** 
 178:Generated_Source\PSoC4/cyfitter_cfg.c **** 	/* Start the WCO */
 179:Generated_Source\PSoC4/cyfitter_cfg.c **** 	CySysClkWcoStart();
 151              		.loc 1 179 0
 152 000a FFF7FEFF 		bl	CySysClkWcoStart
 180:Generated_Source\PSoC4/cyfitter_cfg.c **** 	CyDelayCycles(12000000u); /* WCO may take up to 500ms to start */
 153              		.loc 1 180 0
 154 000e 1E4B     		ldr	r3, .L5+4
 155 0010 1800     		movs	r0, r3
 156 0012 FFF7FEFF 		bl	CyDelayCycles
 181:Generated_Source\PSoC4/cyfitter_cfg.c **** 	(void)CySysClkWcoSetPowerMode(CY_SYS_CLK_WCO_LPM);    /* Switch to the low power mode */
 157              		.loc 1 181 0
 158 0016 0120     		movs	r0, #1
 159 0018 FFF7FEFF 		bl	CySysClkWcoSetPowerMode
 182:Generated_Source\PSoC4/cyfitter_cfg.c **** 
 183:Generated_Source\PSoC4/cyfitter_cfg.c **** 	/* Setup and trim IMO based on desired frequency. */
ARM GAS  C:\Users\BABEH_~1\AppData\Local\Temp\ccwlT7S3.s 			page 7


 184:Generated_Source\PSoC4/cyfitter_cfg.c **** 	CySysClkWriteImoFreq(48u);
 160              		.loc 1 184 0
 161 001c 3020     		movs	r0, #48
 162 001e FFF7FEFF 		bl	CySysClkWriteImoFreq
 185:Generated_Source\PSoC4/cyfitter_cfg.c **** 	/* CYDEV_CLK_ILO_CONFIG Starting address: CYDEV_CLK_ILO_CONFIG */
 186:Generated_Source\PSoC4/cyfitter_cfg.c **** 	CY_SET_REG32((void *)(CYREG_CLK_ILO_CONFIG), 0x80000006u);
 163              		.loc 1 186 0
 164 0022 1A4B     		ldr	r3, .L5+8
 165 0024 1A4A     		ldr	r2, .L5+12
 166 0026 1A60     		str	r2, [r3]
 187:Generated_Source\PSoC4/cyfitter_cfg.c **** 
 188:Generated_Source\PSoC4/cyfitter_cfg.c **** 	/* CYDEV_WDT_CONFIG Starting address: CYDEV_WDT_CONFIG */
 189:Generated_Source\PSoC4/cyfitter_cfg.c **** 	CY_SET_REG32((void *)(CYREG_WDT_CONFIG), 0x40000000u);
 167              		.loc 1 189 0
 168 0028 1A4B     		ldr	r3, .L5+16
 169 002a 8022     		movs	r2, #128
 170 002c D205     		lsls	r2, r2, #23
 171 002e 1A60     		str	r2, [r3]
 190:Generated_Source\PSoC4/cyfitter_cfg.c **** 
 191:Generated_Source\PSoC4/cyfitter_cfg.c **** 
 192:Generated_Source\PSoC4/cyfitter_cfg.c **** 	/* Enable fast start mode for XO */
 193:Generated_Source\PSoC4/cyfitter_cfg.c **** 	CY_SET_REG32((void*)CYREG_BLE_BLERD_BB_XO, CY_GET_REG32((void*)CYREG_BLE_BLERD_BB_XO) | (uint32)0x
 172              		.loc 1 193 0
 173 0030 194B     		ldr	r3, .L5+20
 174 0032 194A     		ldr	r2, .L5+20
 175 0034 1268     		ldr	r2, [r2]
 176 0036 0221     		movs	r1, #2
 177 0038 0A43     		orrs	r2, r1
 178 003a 1A60     		str	r2, [r3]
 194:Generated_Source\PSoC4/cyfitter_cfg.c **** 	CY_SET_REG32((void *)(CYREG_BLE_BLERD_BB_XO_CAPTRIM), 0x00002D6Au);
 179              		.loc 1 194 0
 180 003c 174B     		ldr	r3, .L5+24
 181 003e 184A     		ldr	r2, .L5+28
 182 0040 1A60     		str	r2, [r3]
 195:Generated_Source\PSoC4/cyfitter_cfg.c **** 	/*Set XTAL(ECO) divider*/
 196:Generated_Source\PSoC4/cyfitter_cfg.c **** 	CY_SET_REG32((void *)(CYREG_BLE_BLESS_XTAL_CLK_DIV_CONFIG), 0x00000000u);
 183              		.loc 1 196 0
 184 0042 184B     		ldr	r3, .L5+32
 185 0044 0022     		movs	r2, #0
 186 0046 1A60     		str	r2, [r3]
 197:Generated_Source\PSoC4/cyfitter_cfg.c **** 	/* Disable Crystal Stable Interrupt before enabling ECO */
 198:Generated_Source\PSoC4/cyfitter_cfg.c **** 	CY_SET_REG32((void*)CYREG_BLE_BLESS_LL_DSM_CTRL, CY_GET_REG32((void*)CYREG_BLE_BLESS_LL_DSM_CTRL) 
 187              		.loc 1 198 0
 188 0048 174B     		ldr	r3, .L5+36
 189 004a 174A     		ldr	r2, .L5+36
 190 004c 1268     		ldr	r2, [r2]
 191 004e 0821     		movs	r1, #8
 192 0050 8A43     		bics	r2, r1
 193 0052 1A60     		str	r2, [r3]
 199:Generated_Source\PSoC4/cyfitter_cfg.c **** 	/* Start the ECO and do not check status since it is not needed for HFCLK */
 200:Generated_Source\PSoC4/cyfitter_cfg.c **** 	(void)CySysClkEcoStart(2000u);
 194              		.loc 1 200 0
 195 0054 FA23     		movs	r3, #250
 196 0056 DB00     		lsls	r3, r3, #3
 197 0058 1800     		movs	r0, r3
 198 005a FFF7FEFF 		bl	CySysClkEcoStart
 201:Generated_Source\PSoC4/cyfitter_cfg.c **** 	CyDelayUs(1500u); /* Wait to stabilize */
ARM GAS  C:\Users\BABEH_~1\AppData\Local\Temp\ccwlT7S3.s 			page 8


 199              		.loc 1 201 0
 200 005e 134B     		ldr	r3, .L5+40
 201 0060 1800     		movs	r0, r3
 202 0062 FFF7FEFF 		bl	CyDelayUs
 202:Generated_Source\PSoC4/cyfitter_cfg.c **** 
 203:Generated_Source\PSoC4/cyfitter_cfg.c **** 	/* Setup phase aligned clocks */
 204:Generated_Source\PSoC4/cyfitter_cfg.c **** 
 205:Generated_Source\PSoC4/cyfitter_cfg.c **** 	/* CYDEV_CLK_IMO_CONFIG Starting address: CYDEV_CLK_IMO_CONFIG */
 206:Generated_Source\PSoC4/cyfitter_cfg.c **** 	CY_SET_REG32((void *)(CYREG_CLK_IMO_CONFIG), 0x80000000u);
 203              		.loc 1 206 0
 204 0066 124B     		ldr	r3, .L5+44
 205 0068 8022     		movs	r2, #128
 206 006a 1206     		lsls	r2, r2, #24
 207 006c 1A60     		str	r2, [r3]
 207:Generated_Source\PSoC4/cyfitter_cfg.c **** 
 208:Generated_Source\PSoC4/cyfitter_cfg.c **** 	/* CYDEV_CLK_SELECT Starting address: CYDEV_CLK_SELECT */
 209:Generated_Source\PSoC4/cyfitter_cfg.c **** 	CY_SET_REG32((void *)(CYREG_CLK_SELECT), 0x00080000u);
 208              		.loc 1 209 0
 209 006e 114B     		ldr	r3, .L5+48
 210 0070 8022     		movs	r2, #128
 211 0072 1203     		lsls	r2, r2, #12
 212 0074 1A60     		str	r2, [r3]
 210:Generated_Source\PSoC4/cyfitter_cfg.c **** 
 211:Generated_Source\PSoC4/cyfitter_cfg.c **** 	CY_SET_REG32((void *)(CYREG_WDT_CONFIG), 0x40000000u);
 213              		.loc 1 211 0
 214 0076 074B     		ldr	r3, .L5+16
 215 0078 8022     		movs	r2, #128
 216 007a D205     		lsls	r2, r2, #23
 217 007c 1A60     		str	r2, [r3]
 212:Generated_Source\PSoC4/cyfitter_cfg.c **** }
 218              		.loc 1 212 0
 219 007e C046     		nop
 220 0080 BD46     		mov	sp, r7
 221              		@ sp needed
 222 0082 80BD     		pop	{r7, pc}
 223              	.L6:
 224              		.align	2
 225              	.L5:
 226 0084 30001040 		.word	1074790448
 227 0088 001BB700 		.word	12000000
 228 008c 04010B40 		.word	1074462980
 229 0090 06000080 		.word	-2147483642
 230 0094 0C020B40 		.word	1074463244
 231 0098 78002E40 		.word	1076756600
 232 009c 7C002E40 		.word	1076756604
 233 00a0 6A2D0000 		.word	11626
 234 00a4 64F02E40 		.word	1076818020
 235 00a8 6CF02E40 		.word	1076818028
 236 00ac DC050000 		.word	1500
 237 00b0 08010B40 		.word	1074462984
 238 00b4 00010B40 		.word	1074462976
 239              		.cfi_endproc
 240              	.LFE5:
 241              		.size	ClockSetup, .-ClockSetup
 242              		.section	.text.AnalogSetDefault,"ax",%progbits
 243              		.align	2
 244              		.code	16
ARM GAS  C:\Users\BABEH_~1\AppData\Local\Temp\ccwlT7S3.s 			page 9


 245              		.thumb_func
 246              		.type	AnalogSetDefault, %function
 247              	AnalogSetDefault:
 248              	.LFB6:
 213:Generated_Source\PSoC4/cyfitter_cfg.c **** 
 214:Generated_Source\PSoC4/cyfitter_cfg.c **** 
 215:Generated_Source\PSoC4/cyfitter_cfg.c **** /* Analog API Functions */
 216:Generated_Source\PSoC4/cyfitter_cfg.c **** 
 217:Generated_Source\PSoC4/cyfitter_cfg.c **** 
 218:Generated_Source\PSoC4/cyfitter_cfg.c **** /*******************************************************************************
 219:Generated_Source\PSoC4/cyfitter_cfg.c **** * Function Name: AnalogSetDefault
 220:Generated_Source\PSoC4/cyfitter_cfg.c **** ********************************************************************************
 221:Generated_Source\PSoC4/cyfitter_cfg.c **** *
 222:Generated_Source\PSoC4/cyfitter_cfg.c **** * Summary:
 223:Generated_Source\PSoC4/cyfitter_cfg.c **** *  Sets up the analog portions of the chip to default values based on chip
 224:Generated_Source\PSoC4/cyfitter_cfg.c **** *  configuration options from the project.
 225:Generated_Source\PSoC4/cyfitter_cfg.c **** *
 226:Generated_Source\PSoC4/cyfitter_cfg.c **** * Parameters:
 227:Generated_Source\PSoC4/cyfitter_cfg.c **** *  void
 228:Generated_Source\PSoC4/cyfitter_cfg.c **** *
 229:Generated_Source\PSoC4/cyfitter_cfg.c **** * Return:
 230:Generated_Source\PSoC4/cyfitter_cfg.c **** *  void
 231:Generated_Source\PSoC4/cyfitter_cfg.c **** *
 232:Generated_Source\PSoC4/cyfitter_cfg.c **** *******************************************************************************/
 233:Generated_Source\PSoC4/cyfitter_cfg.c **** static void AnalogSetDefault(void);
 234:Generated_Source\PSoC4/cyfitter_cfg.c **** static void AnalogSetDefault(void)
 235:Generated_Source\PSoC4/cyfitter_cfg.c **** {
 249              		.loc 1 235 0
 250              		.cfi_startproc
 251              		@ args = 0, pretend = 0, frame = 0
 252              		@ frame_needed = 1, uses_anonymous_args = 0
 253 0000 80B5     		push	{r7, lr}
 254              		.cfi_def_cfa_offset 8
 255              		.cfi_offset 7, -8
 256              		.cfi_offset 14, -4
 257 0002 00AF     		add	r7, sp, #0
 258              		.cfi_def_cfa_register 7
 236:Generated_Source\PSoC4/cyfitter_cfg.c **** 	CY_SET_XTND_REG32((void CYFAR *)CYREG_CTBM0_DFT_CTRL, 0x00000003u);
 259              		.loc 1 236 0
 260 0004 054B     		ldr	r3, .L8
 261 0006 0322     		movs	r2, #3
 262 0008 1A60     		str	r2, [r3]
 237:Generated_Source\PSoC4/cyfitter_cfg.c **** 	CY_SET_XTND_REG32((void CYFAR *)CYREG_CTBM1_DFT_CTRL, 0x00000003u);
 263              		.loc 1 237 0
 264 000a 054B     		ldr	r3, .L8+4
 265 000c 0322     		movs	r2, #3
 266 000e 1A60     		str	r2, [r3]
 238:Generated_Source\PSoC4/cyfitter_cfg.c **** 	CY_SET_XTND_REG32((void CYFAR *)CYREG_PASS_DSAB_DSAB_CTRL, 0x00000000u);
 267              		.loc 1 238 0
 268 0010 044B     		ldr	r3, .L8+8
 269 0012 0022     		movs	r2, #0
 270 0014 1A60     		str	r2, [r3]
 239:Generated_Source\PSoC4/cyfitter_cfg.c **** }
 271              		.loc 1 239 0
 272 0016 C046     		nop
 273 0018 BD46     		mov	sp, r7
 274              		@ sp needed
ARM GAS  C:\Users\BABEH_~1\AppData\Local\Temp\ccwlT7S3.s 			page 10


 275 001a 80BD     		pop	{r7, pc}
 276              	.L9:
 277              		.align	2
 278              	.L8:
 279 001c 30003040 		.word	1076887600
 280 0020 30003140 		.word	1076953136
 281 0024 000E3F40 		.word	1077874176
 282              		.cfi_endproc
 283              	.LFE6:
 284              		.size	AnalogSetDefault, .-AnalogSetDefault
 285              		.section	.psocinit
 286              		.align	2
 287              		.global	cyfitter_cfg
 288              		.code	16
 289              		.thumb_func
 290              		.type	cyfitter_cfg, %function
 291              	cyfitter_cfg:
 292              	.LFB7:
 240:Generated_Source\PSoC4/cyfitter_cfg.c **** 
 241:Generated_Source\PSoC4/cyfitter_cfg.c **** 
 242:Generated_Source\PSoC4/cyfitter_cfg.c **** 
 243:Generated_Source\PSoC4/cyfitter_cfg.c **** 
 244:Generated_Source\PSoC4/cyfitter_cfg.c **** /*******************************************************************************
 245:Generated_Source\PSoC4/cyfitter_cfg.c **** * Function Name: cyfitter_cfg
 246:Generated_Source\PSoC4/cyfitter_cfg.c **** ********************************************************************************
 247:Generated_Source\PSoC4/cyfitter_cfg.c **** * Summary:
 248:Generated_Source\PSoC4/cyfitter_cfg.c **** *  This function is called by the start-up code for the selected device. It
 249:Generated_Source\PSoC4/cyfitter_cfg.c **** *  performs all of the necessary device configuration based on the design
 250:Generated_Source\PSoC4/cyfitter_cfg.c **** *  settings.  This includes settings from the Design Wide Resources (DWR) such
 251:Generated_Source\PSoC4/cyfitter_cfg.c **** *  as Clocks and Pins as well as any component configuration that is necessary.
 252:Generated_Source\PSoC4/cyfitter_cfg.c **** *
 253:Generated_Source\PSoC4/cyfitter_cfg.c **** * Parameters:
 254:Generated_Source\PSoC4/cyfitter_cfg.c **** *   void
 255:Generated_Source\PSoC4/cyfitter_cfg.c **** *
 256:Generated_Source\PSoC4/cyfitter_cfg.c **** * Return:
 257:Generated_Source\PSoC4/cyfitter_cfg.c **** *   void
 258:Generated_Source\PSoC4/cyfitter_cfg.c **** *
 259:Generated_Source\PSoC4/cyfitter_cfg.c **** *******************************************************************************/
 260:Generated_Source\PSoC4/cyfitter_cfg.c **** CY_CFG_SECTION
 261:Generated_Source\PSoC4/cyfitter_cfg.c **** void cyfitter_cfg(void)
 262:Generated_Source\PSoC4/cyfitter_cfg.c **** {
 293              		.loc 1 262 0
 294              		.cfi_startproc
 295              		@ args = 0, pretend = 0, frame = 8
 296              		@ frame_needed = 1, uses_anonymous_args = 0
 297 00b8 80B5     		push	{r7, lr}
 298              		.cfi_def_cfa_offset 8
 299              		.cfi_offset 7, -8
 300              		.cfi_offset 14, -4
 301 00ba 82B0     		sub	sp, sp, #8
 302              		.cfi_def_cfa_offset 16
 303 00bc 00AF     		add	r7, sp, #0
 304              		.cfi_def_cfa_register 7
 263:Generated_Source\PSoC4/cyfitter_cfg.c **** 	/* Disable interrupts by default. Let user enable if/when they want. */
 264:Generated_Source\PSoC4/cyfitter_cfg.c **** 	CyGlobalIntDisable;
 305              		.loc 1 264 0
 306              		.syntax divided
ARM GAS  C:\Users\BABEH_~1\AppData\Local\Temp\ccwlT7S3.s 			page 11


 307              	@ 264 "Generated_Source\PSoC4\cyfitter_cfg.c" 1
 308 00be 72B6     		CPSID   i
 309              	@ 0 "" 2
 265:Generated_Source\PSoC4/cyfitter_cfg.c **** 
 266:Generated_Source\PSoC4/cyfitter_cfg.c **** 	CY_SET_REG32((void *)(CYREG_BLE_BLESS_LL_DSM_CTRL), 0x00000000u);
 310              		.loc 1 266 0
 311              		.thumb
 312              		.syntax unified
 313 00c0 2F4B     		ldr	r3, .L13
 314 00c2 0022     		movs	r2, #0
 315 00c4 1A60     		str	r2, [r3]
 316              	.LBB2:
 267:Generated_Source\PSoC4/cyfitter_cfg.c **** 
 268:Generated_Source\PSoC4/cyfitter_cfg.c **** 	{
 269:Generated_Source\PSoC4/cyfitter_cfg.c **** 
 270:Generated_Source\PSoC4/cyfitter_cfg.c **** 		CYPACKED typedef struct {
 271:Generated_Source\PSoC4/cyfitter_cfg.c **** 			void CYFAR *address;
 272:Generated_Source\PSoC4/cyfitter_cfg.c **** 			uint16 size;
 273:Generated_Source\PSoC4/cyfitter_cfg.c **** 		} CYPACKED_ATTR cfg_memset_t;
 274:Generated_Source\PSoC4/cyfitter_cfg.c **** 
 275:Generated_Source\PSoC4/cyfitter_cfg.c **** 		static const cfg_memset_t CYCODE cfg_memset_list[] = {
 276:Generated_Source\PSoC4/cyfitter_cfg.c **** 			/* address, size */
 277:Generated_Source\PSoC4/cyfitter_cfg.c **** 			{(void CYFAR *)(CYDEV_UDB_P0_U0_BASE), 1024u},
 278:Generated_Source\PSoC4/cyfitter_cfg.c **** 			{(void CYFAR *)(CYDEV_UDB_DSI0_BASE), 1024u},
 279:Generated_Source\PSoC4/cyfitter_cfg.c **** 		};
 280:Generated_Source\PSoC4/cyfitter_cfg.c **** 
 281:Generated_Source\PSoC4/cyfitter_cfg.c **** 		uint8 CYDATA i;
 282:Generated_Source\PSoC4/cyfitter_cfg.c **** 
 283:Generated_Source\PSoC4/cyfitter_cfg.c **** 		/* Zero out critical memory blocks before beginning configuration */
 284:Generated_Source\PSoC4/cyfitter_cfg.c **** 		for (i = 0u; i < (sizeof(cfg_memset_list)/sizeof(cfg_memset_list[0])); i++)
 317              		.loc 1 284 0
 318 00c6 FB1D     		adds	r3, r7, #7
 319 00c8 0022     		movs	r2, #0
 320 00ca 1A70     		strb	r2, [r3]
 321 00cc 22E0     		b	.L11
 322              	.L12:
 323              	.LBB3:
 285:Generated_Source\PSoC4/cyfitter_cfg.c **** 		{
 286:Generated_Source\PSoC4/cyfitter_cfg.c **** 			const cfg_memset_t CYCODE * CYDATA ms = &cfg_memset_list[i];
 324              		.loc 1 286 0 discriminator 3
 325 00ce FB1D     		adds	r3, r7, #7
 326 00d0 1A78     		ldrb	r2, [r3]
 327 00d2 1300     		movs	r3, r2
 328 00d4 5B00     		lsls	r3, r3, #1
 329 00d6 9B18     		adds	r3, r3, r2
 330 00d8 5B00     		lsls	r3, r3, #1
 331 00da 2A4A     		ldr	r2, .L13+4
 332 00dc 9B18     		adds	r3, r3, r2
 333 00de 3B60     		str	r3, [r7]
 287:Generated_Source\PSoC4/cyfitter_cfg.c **** 			CYMEMZERO(ms->address, (size_t)(uint32)(ms->size));
 334              		.loc 1 287 0 discriminator 3
 335 00e0 3B68     		ldr	r3, [r7]
 336 00e2 1A78     		ldrb	r2, [r3]
 337 00e4 5978     		ldrb	r1, [r3, #1]
 338 00e6 0902     		lsls	r1, r1, #8
 339 00e8 0A43     		orrs	r2, r1
 340 00ea 9978     		ldrb	r1, [r3, #2]
ARM GAS  C:\Users\BABEH_~1\AppData\Local\Temp\ccwlT7S3.s 			page 12


 341 00ec 0904     		lsls	r1, r1, #16
 342 00ee 0A43     		orrs	r2, r1
 343 00f0 DB78     		ldrb	r3, [r3, #3]
 344 00f2 1B06     		lsls	r3, r3, #24
 345 00f4 1343     		orrs	r3, r2
 346 00f6 1800     		movs	r0, r3
 347 00f8 3B68     		ldr	r3, [r7]
 348 00fa 1A79     		ldrb	r2, [r3, #4]
 349 00fc 5B79     		ldrb	r3, [r3, #5]
 350 00fe 1B02     		lsls	r3, r3, #8
 351 0100 1343     		orrs	r3, r2
 352 0102 9BB2     		uxth	r3, r3
 353 0104 1900     		movs	r1, r3
 354 0106 FFF7FEFF 		bl	CYMEMZERO
 355              	.LBE3:
 284:Generated_Source\PSoC4/cyfitter_cfg.c **** 		{
 356              		.loc 1 284 0 discriminator 3
 357 010a FB1D     		adds	r3, r7, #7
 358 010c 1A78     		ldrb	r2, [r3]
 359 010e FB1D     		adds	r3, r7, #7
 360 0110 0132     		adds	r2, r2, #1
 361 0112 1A70     		strb	r2, [r3]
 362              	.L11:
 284:Generated_Source\PSoC4/cyfitter_cfg.c **** 		{
 363              		.loc 1 284 0 is_stmt 0 discriminator 1
 364 0114 FB1D     		adds	r3, r7, #7
 365 0116 1B78     		ldrb	r3, [r3]
 366 0118 012B     		cmp	r3, #1
 367 011a D8D9     		bls	.L12
 288:Generated_Source\PSoC4/cyfitter_cfg.c **** 		}
 289:Generated_Source\PSoC4/cyfitter_cfg.c **** 
 290:Generated_Source\PSoC4/cyfitter_cfg.c **** 		/* HSIOM Starting address: CYDEV_HSIOM_BASE */
 291:Generated_Source\PSoC4/cyfitter_cfg.c **** 		CY_SET_REG32((void *)(CYDEV_HSIOM_BASE), 0xEE000000u);
 368              		.loc 1 291 0 is_stmt 1
 369 011c 1A4B     		ldr	r3, .L13+8
 370 011e EE22     		movs	r2, #238
 371 0120 1206     		lsls	r2, r2, #24
 372 0122 1A60     		str	r2, [r3]
 292:Generated_Source\PSoC4/cyfitter_cfg.c **** 
 293:Generated_Source\PSoC4/cyfitter_cfg.c **** 		/* UDB_PA_0 Starting address: CYDEV_UDB_PA0_BASE */
 294:Generated_Source\PSoC4/cyfitter_cfg.c **** 		CY_SET_REG32((void *)(CYDEV_UDB_PA0_BASE), 0x00990000u);
 373              		.loc 1 294 0
 374 0124 194B     		ldr	r3, .L13+12
 375 0126 9922     		movs	r2, #153
 376 0128 1204     		lsls	r2, r2, #16
 377 012a 1A60     		str	r2, [r3]
 295:Generated_Source\PSoC4/cyfitter_cfg.c **** 
 296:Generated_Source\PSoC4/cyfitter_cfg.c **** 		/* UDB_PA_2 Starting address: CYDEV_UDB_PA2_BASE */
 297:Generated_Source\PSoC4/cyfitter_cfg.c **** 		CY_SET_REG32((void *)(CYDEV_UDB_PA2_BASE), 0x00990000u);
 378              		.loc 1 297 0
 379 012c 184B     		ldr	r3, .L13+16
 380 012e 9922     		movs	r2, #153
 381 0130 1204     		lsls	r2, r2, #16
 382 0132 1A60     		str	r2, [r3]
 298:Generated_Source\PSoC4/cyfitter_cfg.c **** 
 299:Generated_Source\PSoC4/cyfitter_cfg.c **** 		/* UDB_PA_3 Starting address: CYDEV_UDB_PA3_BASE */
 300:Generated_Source\PSoC4/cyfitter_cfg.c **** 		CY_SET_REG32((void *)(CYDEV_UDB_PA3_BASE), 0x00990000u);
ARM GAS  C:\Users\BABEH_~1\AppData\Local\Temp\ccwlT7S3.s 			page 13


 383              		.loc 1 300 0
 384 0134 174B     		ldr	r3, .L13+20
 385 0136 9922     		movs	r2, #153
 386 0138 1204     		lsls	r2, r2, #16
 387 013a 1A60     		str	r2, [r3]
 301:Generated_Source\PSoC4/cyfitter_cfg.c **** 
 302:Generated_Source\PSoC4/cyfitter_cfg.c **** 		/* Enable digital routing */
 303:Generated_Source\PSoC4/cyfitter_cfg.c **** 		CY_SET_XTND_REG8((void *)CYREG_UDB_UDBIF_BANK_CTL, (uint8)(CY_GET_XTND_REG8((void *)CYREG_UDB_UDB
 388              		.loc 1 303 0
 389 013c 164A     		ldr	r2, .L13+24
 390 013e 164B     		ldr	r3, .L13+24
 391 0140 1B78     		ldrb	r3, [r3]
 392 0142 DBB2     		uxtb	r3, r3
 393 0144 0621     		movs	r1, #6
 394 0146 0B43     		orrs	r3, r1
 395 0148 DBB2     		uxtb	r3, r3
 396 014a 1370     		strb	r3, [r2]
 397              	.LBE2:
 304:Generated_Source\PSoC4/cyfitter_cfg.c **** 	}
 305:Generated_Source\PSoC4/cyfitter_cfg.c **** 
 306:Generated_Source\PSoC4/cyfitter_cfg.c **** 	/* Perform second pass device configuration. These items must be configured in specific order afte
 307:Generated_Source\PSoC4/cyfitter_cfg.c **** 	/* IOPINS0_0 Starting address: CYDEV_GPIO_PRT0_BASE */
 308:Generated_Source\PSoC4/cyfitter_cfg.c **** 	CY_SET_REG32((void *)(CYREG_GPIO_PRT0_PC), 0x00D80006u);
 398              		.loc 1 308 0
 399 014c 134B     		ldr	r3, .L13+28
 400 014e 144A     		ldr	r2, .L13+32
 401 0150 1A60     		str	r2, [r3]
 309:Generated_Source\PSoC4/cyfitter_cfg.c **** 
 310:Generated_Source\PSoC4/cyfitter_cfg.c **** 	/* IOPINS0_2 Starting address: CYDEV_GPIO_PRT2_BASE */
 311:Generated_Source\PSoC4/cyfitter_cfg.c **** 	CY_SET_REG32((void *)(CYDEV_GPIO_PRT2_BASE), 0x00000040u);
 402              		.loc 1 311 0
 403 0152 144B     		ldr	r3, .L13+36
 404 0154 4022     		movs	r2, #64
 405 0156 1A60     		str	r2, [r3]
 312:Generated_Source\PSoC4/cyfitter_cfg.c **** 	CY_SET_REG32((void *)(CYREG_GPIO_PRT2_PC), 0x00180000u);
 406              		.loc 1 312 0
 407 0158 134B     		ldr	r3, .L13+40
 408 015a C022     		movs	r2, #192
 409 015c 5203     		lsls	r2, r2, #13
 410 015e 1A60     		str	r2, [r3]
 313:Generated_Source\PSoC4/cyfitter_cfg.c **** 
 314:Generated_Source\PSoC4/cyfitter_cfg.c **** 	/* IOPINS0_3 Starting address: CYDEV_GPIO_PRT3_BASE */
 315:Generated_Source\PSoC4/cyfitter_cfg.c **** 	CY_SET_REG32((void *)(CYDEV_GPIO_PRT3_BASE), 0x000000C0u);
 411              		.loc 1 315 0
 412 0160 124B     		ldr	r3, .L13+44
 413 0162 C022     		movs	r2, #192
 414 0164 1A60     		str	r2, [r3]
 316:Generated_Source\PSoC4/cyfitter_cfg.c **** 	CY_SET_REG32((void *)(CYREG_GPIO_PRT3_PC), 0x00D80000u);
 415              		.loc 1 316 0
 416 0166 124B     		ldr	r3, .L13+48
 417 0168 D822     		movs	r2, #216
 418 016a 1204     		lsls	r2, r2, #16
 419 016c 1A60     		str	r2, [r3]
 317:Generated_Source\PSoC4/cyfitter_cfg.c **** 
 318:Generated_Source\PSoC4/cyfitter_cfg.c **** 
 319:Generated_Source\PSoC4/cyfitter_cfg.c **** 	/* Setup clocks based on selections from Clock DWR */
 320:Generated_Source\PSoC4/cyfitter_cfg.c **** 	ClockSetup();
ARM GAS  C:\Users\BABEH_~1\AppData\Local\Temp\ccwlT7S3.s 			page 14


 420              		.loc 1 320 0
 421 016e FFF747FF 		bl	ClockSetup
 321:Generated_Source\PSoC4/cyfitter_cfg.c **** 
 322:Generated_Source\PSoC4/cyfitter_cfg.c **** 	/* Perform basic analog initialization to defaults */
 323:Generated_Source\PSoC4/cyfitter_cfg.c **** 	AnalogSetDefault();
 422              		.loc 1 323 0
 423 0172 FFF7FEFF 		bl	AnalogSetDefault
 324:Generated_Source\PSoC4/cyfitter_cfg.c **** 
 325:Generated_Source\PSoC4/cyfitter_cfg.c **** }
 424              		.loc 1 325 0
 425 0176 C046     		nop
 426 0178 BD46     		mov	sp, r7
 427 017a 02B0     		add	sp, sp, #8
 428              		@ sp needed
 429 017c 80BD     		pop	{r7, pc}
 430              	.L14:
 431 017e C046     		.align	2
 432              	.L13:
 433 0180 6CF02E40 		.word	1076818028
 434 0184 00000000 		.word	cfg_memset_list.4884
 435 0188 00000240 		.word	1073872896
 436 018c 00500F40 		.word	1074745344
 437 0190 20500F40 		.word	1074745376
 438 0194 30500F40 		.word	1074745392
 439 0198 00700F40 		.word	1074753536
 440 019c 08000440 		.word	1074003976
 441 01a0 0600D800 		.word	14155782
 442 01a4 00020440 		.word	1074004480
 443 01a8 08020440 		.word	1074004488
 444 01ac 00030440 		.word	1074004736
 445 01b0 08030440 		.word	1074004744
 446              		.cfi_endproc
 447              	.LFE7:
 448              		.size	cyfitter_cfg, .-cyfitter_cfg
 449              		.section	.rodata
 450              		.align	2
 451              		.type	cfg_memset_list.4884, %object
 452              		.size	cfg_memset_list.4884, 12
 453              	cfg_memset_list.4884:
 454 0000 00300F40 		.word	1074737152
 455 0004 0004     		.short	1024
 456 0006 00400F40 		.4byte	1074741248
 457 000a 0004     		.short	1024
 458              		.text
 459              	.Letext0:
 460              		.file 2 "c:\\program files (x86)\\cypress\\psoc creator\\4.1\\psoc creator\\import\\gnu\\arm\\5.4.
 461              		.file 3 "Generated_Source\\PSoC4\\cytypes.h"
 462              		.section	.debug_info,"",%progbits
 463              	.Ldebug_info0:
 464 0000 55020000 		.4byte	0x255
 465 0004 0400     		.2byte	0x4
 466 0006 00000000 		.4byte	.Ldebug_abbrev0
 467 000a 04       		.byte	0x4
 468 000b 01       		.uleb128 0x1
 469 000c 83000000 		.4byte	.LASF30
 470 0010 0C       		.byte	0xc
 471 0011 C1010000 		.4byte	.LASF31
ARM GAS  C:\Users\BABEH_~1\AppData\Local\Temp\ccwlT7S3.s 			page 15


 472 0015 E7010000 		.4byte	.LASF32
 473 0019 00000000 		.4byte	.Ldebug_ranges0+0
 474 001d 00000000 		.4byte	0
 475 0021 00000000 		.4byte	.Ldebug_line0
 476 0025 02       		.uleb128 0x2
 477 0026 04       		.byte	0x4
 478 0027 05       		.byte	0x5
 479 0028 696E7400 		.ascii	"int\000"
 480 002c 03       		.uleb128 0x3
 481 002d 06000000 		.4byte	.LASF12
 482 0031 02       		.byte	0x2
 483 0032 D8       		.byte	0xd8
 484 0033 37000000 		.4byte	0x37
 485 0037 04       		.uleb128 0x4
 486 0038 04       		.byte	0x4
 487 0039 07       		.byte	0x7
 488 003a 41010000 		.4byte	.LASF0
 489 003e 04       		.uleb128 0x4
 490 003f 08       		.byte	0x8
 491 0040 05       		.byte	0x5
 492 0041 83010000 		.4byte	.LASF1
 493 0045 04       		.uleb128 0x4
 494 0046 08       		.byte	0x8
 495 0047 04       		.byte	0x4
 496 0048 A9010000 		.4byte	.LASF2
 497 004c 04       		.uleb128 0x4
 498 004d 01       		.byte	0x1
 499 004e 06       		.byte	0x6
 500 004f B5010000 		.4byte	.LASF3
 501 0053 04       		.uleb128 0x4
 502 0054 01       		.byte	0x1
 503 0055 08       		.byte	0x8
 504 0056 11010000 		.4byte	.LASF4
 505 005a 04       		.uleb128 0x4
 506 005b 02       		.byte	0x2
 507 005c 05       		.byte	0x5
 508 005d 96010000 		.4byte	.LASF5
 509 0061 04       		.uleb128 0x4
 510 0062 02       		.byte	0x2
 511 0063 07       		.byte	0x7
 512 0064 39000000 		.4byte	.LASF6
 513 0068 04       		.uleb128 0x4
 514 0069 04       		.byte	0x4
 515 006a 05       		.byte	0x5
 516 006b A0010000 		.4byte	.LASF7
 517 006f 04       		.uleb128 0x4
 518 0070 04       		.byte	0x4
 519 0071 07       		.byte	0x7
 520 0072 61000000 		.4byte	.LASF8
 521 0076 04       		.uleb128 0x4
 522 0077 08       		.byte	0x8
 523 0078 07       		.byte	0x7
 524 0079 56010000 		.4byte	.LASF9
 525 007d 04       		.uleb128 0x4
 526 007e 04       		.byte	0x4
 527 007f 07       		.byte	0x7
 528 0080 7A010000 		.4byte	.LASF10
ARM GAS  C:\Users\BABEH_~1\AppData\Local\Temp\ccwlT7S3.s 			page 16


 529 0084 05       		.uleb128 0x5
 530 0085 04       		.byte	0x4
 531 0086 04       		.uleb128 0x4
 532 0087 01       		.byte	0x1
 533 0088 08       		.byte	0x8
 534 0089 91010000 		.4byte	.LASF11
 535 008d 06       		.uleb128 0x6
 536 008e 73000000 		.4byte	.LASF13
 537 0092 03       		.byte	0x3
 538 0093 D201     		.2byte	0x1d2
 539 0095 53000000 		.4byte	0x53
 540 0099 06       		.uleb128 0x6
 541 009a 33010000 		.4byte	.LASF14
 542 009e 03       		.byte	0x3
 543 009f D301     		.2byte	0x1d3
 544 00a1 61000000 		.4byte	0x61
 545 00a5 06       		.uleb128 0x6
 546 00a6 3A010000 		.4byte	.LASF15
 547 00aa 03       		.byte	0x3
 548 00ab D401     		.2byte	0x1d4
 549 00ad 6F000000 		.4byte	0x6f
 550 00b1 04       		.uleb128 0x4
 551 00b2 04       		.byte	0x4
 552 00b3 04       		.byte	0x4
 553 00b4 4C000000 		.4byte	.LASF16
 554 00b8 04       		.uleb128 0x4
 555 00b9 08       		.byte	0x8
 556 00ba 04       		.byte	0x4
 557 00bb 1F010000 		.4byte	.LASF17
 558 00bf 06       		.uleb128 0x6
 559 00c0 5C000000 		.4byte	.LASF18
 560 00c4 03       		.byte	0x3
 561 00c5 7C02     		.2byte	0x27c
 562 00c7 CB000000 		.4byte	0xcb
 563 00cb 07       		.uleb128 0x7
 564 00cc 8D000000 		.4byte	0x8d
 565 00d0 06       		.uleb128 0x6
 566 00d1 00000000 		.4byte	.LASF19
 567 00d5 03       		.byte	0x3
 568 00d6 7E02     		.2byte	0x27e
 569 00d8 DC000000 		.4byte	0xdc
 570 00dc 07       		.uleb128 0x7
 571 00dd A5000000 		.4byte	0xa5
 572 00e1 08       		.uleb128 0x8
 573 00e2 79000000 		.4byte	.LASF20
 574 00e6 01       		.byte	0x1
 575 00e7 4B       		.byte	0x4b
 576 00e8 00000000 		.4byte	.LFB2
 577 00ec 1E000000 		.4byte	.LFE2-.LFB2
 578 00f0 01       		.uleb128 0x1
 579 00f1 9C       		.byte	0x9c
 580 00f2 0F010000 		.4byte	0x10f
 581 00f6 09       		.uleb128 0x9
 582 00f7 7300     		.ascii	"s\000"
 583 00f9 01       		.byte	0x1
 584 00fa 4B       		.byte	0x4b
 585 00fb 84000000 		.4byte	0x84
ARM GAS  C:\Users\BABEH_~1\AppData\Local\Temp\ccwlT7S3.s 			page 17


 586 00ff 02       		.uleb128 0x2
 587 0100 91       		.byte	0x91
 588 0101 74       		.sleb128 -12
 589 0102 09       		.uleb128 0x9
 590 0103 6E00     		.ascii	"n\000"
 591 0105 01       		.byte	0x1
 592 0106 4B       		.byte	0x4b
 593 0107 2C000000 		.4byte	0x2c
 594 010b 02       		.uleb128 0x2
 595 010c 91       		.byte	0x91
 596 010d 70       		.sleb128 -16
 597 010e 00       		.byte	0
 598 010f 08       		.uleb128 0x8
 599 0110 63020000 		.4byte	.LASF21
 600 0114 01       		.byte	0x1
 601 0115 52       		.byte	0x52
 602 0116 00000000 		.4byte	.LFB3
 603 011a 20000000 		.4byte	.LFE3-.LFB3
 604 011e 01       		.uleb128 0x1
 605 011f 9C       		.byte	0x9c
 606 0120 4D010000 		.4byte	0x14d
 607 0124 0A       		.uleb128 0xa
 608 0125 52000000 		.4byte	.LASF22
 609 0129 01       		.byte	0x1
 610 012a 52       		.byte	0x52
 611 012b 84000000 		.4byte	0x84
 612 012f 02       		.uleb128 0x2
 613 0130 91       		.byte	0x91
 614 0131 74       		.sleb128 -12
 615 0132 09       		.uleb128 0x9
 616 0133 73726300 		.ascii	"src\000"
 617 0137 01       		.byte	0x1
 618 0138 52       		.byte	0x52
 619 0139 4D010000 		.4byte	0x14d
 620 013d 02       		.uleb128 0x2
 621 013e 91       		.byte	0x91
 622 013f 70       		.sleb128 -16
 623 0140 09       		.uleb128 0x9
 624 0141 6E00     		.ascii	"n\000"
 625 0143 01       		.byte	0x1
 626 0144 52       		.byte	0x52
 627 0145 2C000000 		.4byte	0x2c
 628 0149 02       		.uleb128 0x2
 629 014a 91       		.byte	0x91
 630 014b 6C       		.sleb128 -20
 631 014c 00       		.byte	0
 632 014d 0B       		.uleb128 0xb
 633 014e 04       		.byte	0x4
 634 014f 53010000 		.4byte	0x153
 635 0153 0C       		.uleb128 0xc
 636 0154 08       		.uleb128 0x8
 637 0155 53020000 		.4byte	.LASF23
 638 0159 01       		.byte	0x1
 639 015a 59       		.byte	0x59
 640 015b 00000000 		.4byte	.LFB4
 641 015f 20000000 		.4byte	.LFE4-.LFB4
 642 0163 01       		.uleb128 0x1
ARM GAS  C:\Users\BABEH_~1\AppData\Local\Temp\ccwlT7S3.s 			page 18


 643 0164 9C       		.byte	0x9c
 644 0165 92010000 		.4byte	0x192
 645 0169 0A       		.uleb128 0xa
 646 016a 52000000 		.4byte	.LASF22
 647 016e 01       		.byte	0x1
 648 016f 59       		.byte	0x59
 649 0170 84000000 		.4byte	0x84
 650 0174 02       		.uleb128 0x2
 651 0175 91       		.byte	0x91
 652 0176 74       		.sleb128 -12
 653 0177 09       		.uleb128 0x9
 654 0178 73726300 		.ascii	"src\000"
 655 017c 01       		.byte	0x1
 656 017d 59       		.byte	0x59
 657 017e 4D010000 		.4byte	0x14d
 658 0182 02       		.uleb128 0x2
 659 0183 91       		.byte	0x91
 660 0184 70       		.sleb128 -16
 661 0185 09       		.uleb128 0x9
 662 0186 6E00     		.ascii	"n\000"
 663 0188 01       		.byte	0x1
 664 0189 59       		.byte	0x59
 665 018a 2C000000 		.4byte	0x2c
 666 018e 02       		.uleb128 0x2
 667 018f 91       		.byte	0x91
 668 0190 6C       		.sleb128 -20
 669 0191 00       		.byte	0
 670 0192 0D       		.uleb128 0xd
 671 0193 2E000000 		.4byte	.LASF24
 672 0197 01       		.byte	0x1
 673 0198 AC       		.byte	0xac
 674 0199 00000000 		.4byte	.LFB5
 675 019d B8000000 		.4byte	.LFE5-.LFB5
 676 01a1 01       		.uleb128 0x1
 677 01a2 9C       		.byte	0x9c
 678 01a3 0E       		.uleb128 0xe
 679 01a4 0D000000 		.4byte	.LASF25
 680 01a8 01       		.byte	0x1
 681 01a9 EA       		.byte	0xea
 682 01aa 00000000 		.4byte	.LFB6
 683 01ae 28000000 		.4byte	.LFE6-.LFB6
 684 01b2 01       		.uleb128 0x1
 685 01b3 9C       		.byte	0x9c
 686 01b4 0F       		.uleb128 0xf
 687 01b5 26010000 		.4byte	.LASF33
 688 01b9 01       		.byte	0x1
 689 01ba 0501     		.2byte	0x105
 690 01bc B8000000 		.4byte	.LFB7
 691 01c0 FC000000 		.4byte	.LFE7-.LFB7
 692 01c4 01       		.uleb128 0x1
 693 01c5 9C       		.byte	0x9c
 694 01c6 10       		.uleb128 0x10
 695 01c7 C6000000 		.4byte	.LBB2
 696 01cb 86000000 		.4byte	.LBE2-.LBB2
 697 01cf 11       		.uleb128 0x11
 698 01d0 06       		.byte	0x6
 699 01d1 01       		.byte	0x1
ARM GAS  C:\Users\BABEH_~1\AppData\Local\Temp\ccwlT7S3.s 			page 19


 700 01d2 0E01     		.2byte	0x10e
 701 01d4 F3010000 		.4byte	0x1f3
 702 01d8 12       		.uleb128 0x12
 703 01d9 4E010000 		.4byte	.LASF26
 704 01dd 01       		.byte	0x1
 705 01de 0F01     		.2byte	0x10f
 706 01e0 84000000 		.4byte	0x84
 707 01e4 00       		.byte	0
 708 01e5 12       		.uleb128 0x12
 709 01e6 57000000 		.4byte	.LASF27
 710 01ea 01       		.byte	0x1
 711 01eb 1001     		.2byte	0x110
 712 01ed 99000000 		.4byte	0x99
 713 01f1 04       		.byte	0x4
 714 01f2 00       		.byte	0
 715 01f3 06       		.uleb128 0x6
 716 01f4 6D010000 		.4byte	.LASF28
 717 01f8 01       		.byte	0x1
 718 01f9 1101     		.2byte	0x111
 719 01fb CF010000 		.4byte	0x1cf
 720 01ff 13       		.uleb128 0x13
 721 0200 0F020000 		.4byte	0x20f
 722 0204 0F020000 		.4byte	0x20f
 723 0208 14       		.uleb128 0x14
 724 0209 7D000000 		.4byte	0x7d
 725 020d 01       		.byte	0x1
 726 020e 00       		.byte	0
 727 020f 15       		.uleb128 0x15
 728 0210 F3010000 		.4byte	0x1f3
 729 0214 16       		.uleb128 0x16
 730 0215 1E000000 		.4byte	.LASF29
 731 0219 01       		.byte	0x1
 732 021a 1301     		.2byte	0x113
 733 021c 26020000 		.4byte	0x226
 734 0220 05       		.uleb128 0x5
 735 0221 03       		.byte	0x3
 736 0222 00000000 		.4byte	cfg_memset_list.4884
 737 0226 15       		.uleb128 0x15
 738 0227 FF010000 		.4byte	0x1ff
 739 022b 17       		.uleb128 0x17
 740 022c 6900     		.ascii	"i\000"
 741 022e 01       		.byte	0x1
 742 022f 1901     		.2byte	0x119
 743 0231 8D000000 		.4byte	0x8d
 744 0235 02       		.uleb128 0x2
 745 0236 91       		.byte	0x91
 746 0237 77       		.sleb128 -9
 747 0238 10       		.uleb128 0x10
 748 0239 CE000000 		.4byte	.LBB3
 749 023d 3C000000 		.4byte	.LBE3-.LBB3
 750 0241 17       		.uleb128 0x17
 751 0242 6D7300   		.ascii	"ms\000"
 752 0245 01       		.byte	0x1
 753 0246 1E01     		.2byte	0x11e
 754 0248 4F020000 		.4byte	0x24f
 755 024c 02       		.uleb128 0x2
 756 024d 91       		.byte	0x91
ARM GAS  C:\Users\BABEH_~1\AppData\Local\Temp\ccwlT7S3.s 			page 20


 757 024e 70       		.sleb128 -16
 758 024f 0B       		.uleb128 0xb
 759 0250 04       		.byte	0x4
 760 0251 0F020000 		.4byte	0x20f
 761 0255 00       		.byte	0
 762 0256 00       		.byte	0
 763 0257 00       		.byte	0
 764 0258 00       		.byte	0
 765              		.section	.debug_abbrev,"",%progbits
 766              	.Ldebug_abbrev0:
 767 0000 01       		.uleb128 0x1
 768 0001 11       		.uleb128 0x11
 769 0002 01       		.byte	0x1
 770 0003 25       		.uleb128 0x25
 771 0004 0E       		.uleb128 0xe
 772 0005 13       		.uleb128 0x13
 773 0006 0B       		.uleb128 0xb
 774 0007 03       		.uleb128 0x3
 775 0008 0E       		.uleb128 0xe
 776 0009 1B       		.uleb128 0x1b
 777 000a 0E       		.uleb128 0xe
 778 000b 55       		.uleb128 0x55
 779 000c 17       		.uleb128 0x17
 780 000d 11       		.uleb128 0x11
 781 000e 01       		.uleb128 0x1
 782 000f 10       		.uleb128 0x10
 783 0010 17       		.uleb128 0x17
 784 0011 00       		.byte	0
 785 0012 00       		.byte	0
 786 0013 02       		.uleb128 0x2
 787 0014 24       		.uleb128 0x24
 788 0015 00       		.byte	0
 789 0016 0B       		.uleb128 0xb
 790 0017 0B       		.uleb128 0xb
 791 0018 3E       		.uleb128 0x3e
 792 0019 0B       		.uleb128 0xb
 793 001a 03       		.uleb128 0x3
 794 001b 08       		.uleb128 0x8
 795 001c 00       		.byte	0
 796 001d 00       		.byte	0
 797 001e 03       		.uleb128 0x3
 798 001f 16       		.uleb128 0x16
 799 0020 00       		.byte	0
 800 0021 03       		.uleb128 0x3
 801 0022 0E       		.uleb128 0xe
 802 0023 3A       		.uleb128 0x3a
 803 0024 0B       		.uleb128 0xb
 804 0025 3B       		.uleb128 0x3b
 805 0026 0B       		.uleb128 0xb
 806 0027 49       		.uleb128 0x49
 807 0028 13       		.uleb128 0x13
 808 0029 00       		.byte	0
 809 002a 00       		.byte	0
 810 002b 04       		.uleb128 0x4
 811 002c 24       		.uleb128 0x24
 812 002d 00       		.byte	0
 813 002e 0B       		.uleb128 0xb
ARM GAS  C:\Users\BABEH_~1\AppData\Local\Temp\ccwlT7S3.s 			page 21


 814 002f 0B       		.uleb128 0xb
 815 0030 3E       		.uleb128 0x3e
 816 0031 0B       		.uleb128 0xb
 817 0032 03       		.uleb128 0x3
 818 0033 0E       		.uleb128 0xe
 819 0034 00       		.byte	0
 820 0035 00       		.byte	0
 821 0036 05       		.uleb128 0x5
 822 0037 0F       		.uleb128 0xf
 823 0038 00       		.byte	0
 824 0039 0B       		.uleb128 0xb
 825 003a 0B       		.uleb128 0xb
 826 003b 00       		.byte	0
 827 003c 00       		.byte	0
 828 003d 06       		.uleb128 0x6
 829 003e 16       		.uleb128 0x16
 830 003f 00       		.byte	0
 831 0040 03       		.uleb128 0x3
 832 0041 0E       		.uleb128 0xe
 833 0042 3A       		.uleb128 0x3a
 834 0043 0B       		.uleb128 0xb
 835 0044 3B       		.uleb128 0x3b
 836 0045 05       		.uleb128 0x5
 837 0046 49       		.uleb128 0x49
 838 0047 13       		.uleb128 0x13
 839 0048 00       		.byte	0
 840 0049 00       		.byte	0
 841 004a 07       		.uleb128 0x7
 842 004b 35       		.uleb128 0x35
 843 004c 00       		.byte	0
 844 004d 49       		.uleb128 0x49
 845 004e 13       		.uleb128 0x13
 846 004f 00       		.byte	0
 847 0050 00       		.byte	0
 848 0051 08       		.uleb128 0x8
 849 0052 2E       		.uleb128 0x2e
 850 0053 01       		.byte	0x1
 851 0054 03       		.uleb128 0x3
 852 0055 0E       		.uleb128 0xe
 853 0056 3A       		.uleb128 0x3a
 854 0057 0B       		.uleb128 0xb
 855 0058 3B       		.uleb128 0x3b
 856 0059 0B       		.uleb128 0xb
 857 005a 27       		.uleb128 0x27
 858 005b 19       		.uleb128 0x19
 859 005c 11       		.uleb128 0x11
 860 005d 01       		.uleb128 0x1
 861 005e 12       		.uleb128 0x12
 862 005f 06       		.uleb128 0x6
 863 0060 40       		.uleb128 0x40
 864 0061 18       		.uleb128 0x18
 865 0062 9642     		.uleb128 0x2116
 866 0064 19       		.uleb128 0x19
 867 0065 01       		.uleb128 0x1
 868 0066 13       		.uleb128 0x13
 869 0067 00       		.byte	0
 870 0068 00       		.byte	0
ARM GAS  C:\Users\BABEH_~1\AppData\Local\Temp\ccwlT7S3.s 			page 22


 871 0069 09       		.uleb128 0x9
 872 006a 05       		.uleb128 0x5
 873 006b 00       		.byte	0
 874 006c 03       		.uleb128 0x3
 875 006d 08       		.uleb128 0x8
 876 006e 3A       		.uleb128 0x3a
 877 006f 0B       		.uleb128 0xb
 878 0070 3B       		.uleb128 0x3b
 879 0071 0B       		.uleb128 0xb
 880 0072 49       		.uleb128 0x49
 881 0073 13       		.uleb128 0x13
 882 0074 02       		.uleb128 0x2
 883 0075 18       		.uleb128 0x18
 884 0076 00       		.byte	0
 885 0077 00       		.byte	0
 886 0078 0A       		.uleb128 0xa
 887 0079 05       		.uleb128 0x5
 888 007a 00       		.byte	0
 889 007b 03       		.uleb128 0x3
 890 007c 0E       		.uleb128 0xe
 891 007d 3A       		.uleb128 0x3a
 892 007e 0B       		.uleb128 0xb
 893 007f 3B       		.uleb128 0x3b
 894 0080 0B       		.uleb128 0xb
 895 0081 49       		.uleb128 0x49
 896 0082 13       		.uleb128 0x13
 897 0083 02       		.uleb128 0x2
 898 0084 18       		.uleb128 0x18
 899 0085 00       		.byte	0
 900 0086 00       		.byte	0
 901 0087 0B       		.uleb128 0xb
 902 0088 0F       		.uleb128 0xf
 903 0089 00       		.byte	0
 904 008a 0B       		.uleb128 0xb
 905 008b 0B       		.uleb128 0xb
 906 008c 49       		.uleb128 0x49
 907 008d 13       		.uleb128 0x13
 908 008e 00       		.byte	0
 909 008f 00       		.byte	0
 910 0090 0C       		.uleb128 0xc
 911 0091 26       		.uleb128 0x26
 912 0092 00       		.byte	0
 913 0093 00       		.byte	0
 914 0094 00       		.byte	0
 915 0095 0D       		.uleb128 0xd
 916 0096 2E       		.uleb128 0x2e
 917 0097 00       		.byte	0
 918 0098 03       		.uleb128 0x3
 919 0099 0E       		.uleb128 0xe
 920 009a 3A       		.uleb128 0x3a
 921 009b 0B       		.uleb128 0xb
 922 009c 3B       		.uleb128 0x3b
 923 009d 0B       		.uleb128 0xb
 924 009e 27       		.uleb128 0x27
 925 009f 19       		.uleb128 0x19
 926 00a0 11       		.uleb128 0x11
 927 00a1 01       		.uleb128 0x1
ARM GAS  C:\Users\BABEH_~1\AppData\Local\Temp\ccwlT7S3.s 			page 23


 928 00a2 12       		.uleb128 0x12
 929 00a3 06       		.uleb128 0x6
 930 00a4 40       		.uleb128 0x40
 931 00a5 18       		.uleb128 0x18
 932 00a6 9642     		.uleb128 0x2116
 933 00a8 19       		.uleb128 0x19
 934 00a9 00       		.byte	0
 935 00aa 00       		.byte	0
 936 00ab 0E       		.uleb128 0xe
 937 00ac 2E       		.uleb128 0x2e
 938 00ad 00       		.byte	0
 939 00ae 03       		.uleb128 0x3
 940 00af 0E       		.uleb128 0xe
 941 00b0 3A       		.uleb128 0x3a
 942 00b1 0B       		.uleb128 0xb
 943 00b2 3B       		.uleb128 0x3b
 944 00b3 0B       		.uleb128 0xb
 945 00b4 27       		.uleb128 0x27
 946 00b5 19       		.uleb128 0x19
 947 00b6 11       		.uleb128 0x11
 948 00b7 01       		.uleb128 0x1
 949 00b8 12       		.uleb128 0x12
 950 00b9 06       		.uleb128 0x6
 951 00ba 40       		.uleb128 0x40
 952 00bb 18       		.uleb128 0x18
 953 00bc 9742     		.uleb128 0x2117
 954 00be 19       		.uleb128 0x19
 955 00bf 00       		.byte	0
 956 00c0 00       		.byte	0
 957 00c1 0F       		.uleb128 0xf
 958 00c2 2E       		.uleb128 0x2e
 959 00c3 01       		.byte	0x1
 960 00c4 3F       		.uleb128 0x3f
 961 00c5 19       		.uleb128 0x19
 962 00c6 03       		.uleb128 0x3
 963 00c7 0E       		.uleb128 0xe
 964 00c8 3A       		.uleb128 0x3a
 965 00c9 0B       		.uleb128 0xb
 966 00ca 3B       		.uleb128 0x3b
 967 00cb 05       		.uleb128 0x5
 968 00cc 27       		.uleb128 0x27
 969 00cd 19       		.uleb128 0x19
 970 00ce 11       		.uleb128 0x11
 971 00cf 01       		.uleb128 0x1
 972 00d0 12       		.uleb128 0x12
 973 00d1 06       		.uleb128 0x6
 974 00d2 40       		.uleb128 0x40
 975 00d3 18       		.uleb128 0x18
 976 00d4 9642     		.uleb128 0x2116
 977 00d6 19       		.uleb128 0x19
 978 00d7 00       		.byte	0
 979 00d8 00       		.byte	0
 980 00d9 10       		.uleb128 0x10
 981 00da 0B       		.uleb128 0xb
 982 00db 01       		.byte	0x1
 983 00dc 11       		.uleb128 0x11
 984 00dd 01       		.uleb128 0x1
ARM GAS  C:\Users\BABEH_~1\AppData\Local\Temp\ccwlT7S3.s 			page 24


 985 00de 12       		.uleb128 0x12
 986 00df 06       		.uleb128 0x6
 987 00e0 00       		.byte	0
 988 00e1 00       		.byte	0
 989 00e2 11       		.uleb128 0x11
 990 00e3 13       		.uleb128 0x13
 991 00e4 01       		.byte	0x1
 992 00e5 0B       		.uleb128 0xb
 993 00e6 0B       		.uleb128 0xb
 994 00e7 3A       		.uleb128 0x3a
 995 00e8 0B       		.uleb128 0xb
 996 00e9 3B       		.uleb128 0x3b
 997 00ea 05       		.uleb128 0x5
 998 00eb 01       		.uleb128 0x1
 999 00ec 13       		.uleb128 0x13
 1000 00ed 00       		.byte	0
 1001 00ee 00       		.byte	0
 1002 00ef 12       		.uleb128 0x12
 1003 00f0 0D       		.uleb128 0xd
 1004 00f1 00       		.byte	0
 1005 00f2 03       		.uleb128 0x3
 1006 00f3 0E       		.uleb128 0xe
 1007 00f4 3A       		.uleb128 0x3a
 1008 00f5 0B       		.uleb128 0xb
 1009 00f6 3B       		.uleb128 0x3b
 1010 00f7 05       		.uleb128 0x5
 1011 00f8 49       		.uleb128 0x49
 1012 00f9 13       		.uleb128 0x13
 1013 00fa 38       		.uleb128 0x38
 1014 00fb 0B       		.uleb128 0xb
 1015 00fc 00       		.byte	0
 1016 00fd 00       		.byte	0
 1017 00fe 13       		.uleb128 0x13
 1018 00ff 01       		.uleb128 0x1
 1019 0100 01       		.byte	0x1
 1020 0101 49       		.uleb128 0x49
 1021 0102 13       		.uleb128 0x13
 1022 0103 01       		.uleb128 0x1
 1023 0104 13       		.uleb128 0x13
 1024 0105 00       		.byte	0
 1025 0106 00       		.byte	0
 1026 0107 14       		.uleb128 0x14
 1027 0108 21       		.uleb128 0x21
 1028 0109 00       		.byte	0
 1029 010a 49       		.uleb128 0x49
 1030 010b 13       		.uleb128 0x13
 1031 010c 2F       		.uleb128 0x2f
 1032 010d 0B       		.uleb128 0xb
 1033 010e 00       		.byte	0
 1034 010f 00       		.byte	0
 1035 0110 15       		.uleb128 0x15
 1036 0111 26       		.uleb128 0x26
 1037 0112 00       		.byte	0
 1038 0113 49       		.uleb128 0x49
 1039 0114 13       		.uleb128 0x13
 1040 0115 00       		.byte	0
 1041 0116 00       		.byte	0
ARM GAS  C:\Users\BABEH_~1\AppData\Local\Temp\ccwlT7S3.s 			page 25


 1042 0117 16       		.uleb128 0x16
 1043 0118 34       		.uleb128 0x34
 1044 0119 00       		.byte	0
 1045 011a 03       		.uleb128 0x3
 1046 011b 0E       		.uleb128 0xe
 1047 011c 3A       		.uleb128 0x3a
 1048 011d 0B       		.uleb128 0xb
 1049 011e 3B       		.uleb128 0x3b
 1050 011f 05       		.uleb128 0x5
 1051 0120 49       		.uleb128 0x49
 1052 0121 13       		.uleb128 0x13
 1053 0122 02       		.uleb128 0x2
 1054 0123 18       		.uleb128 0x18
 1055 0124 00       		.byte	0
 1056 0125 00       		.byte	0
 1057 0126 17       		.uleb128 0x17
 1058 0127 34       		.uleb128 0x34
 1059 0128 00       		.byte	0
 1060 0129 03       		.uleb128 0x3
 1061 012a 08       		.uleb128 0x8
 1062 012b 3A       		.uleb128 0x3a
 1063 012c 0B       		.uleb128 0xb
 1064 012d 3B       		.uleb128 0x3b
 1065 012e 05       		.uleb128 0x5
 1066 012f 49       		.uleb128 0x49
 1067 0130 13       		.uleb128 0x13
 1068 0131 02       		.uleb128 0x2
 1069 0132 18       		.uleb128 0x18
 1070 0133 00       		.byte	0
 1071 0134 00       		.byte	0
 1072 0135 00       		.byte	0
 1073              		.section	.debug_aranges,"",%progbits
 1074 0000 44000000 		.4byte	0x44
 1075 0004 0200     		.2byte	0x2
 1076 0006 00000000 		.4byte	.Ldebug_info0
 1077 000a 04       		.byte	0x4
 1078 000b 00       		.byte	0
 1079 000c 0000     		.2byte	0
 1080 000e 0000     		.2byte	0
 1081 0010 00000000 		.4byte	.LFB2
 1082 0014 1E000000 		.4byte	.LFE2-.LFB2
 1083 0018 00000000 		.4byte	.LFB3
 1084 001c 20000000 		.4byte	.LFE3-.LFB3
 1085 0020 00000000 		.4byte	.LFB4
 1086 0024 20000000 		.4byte	.LFE4-.LFB4
 1087 0028 00000000 		.4byte	.LFB5
 1088 002c B8000000 		.4byte	.LFE5-.LFB5
 1089 0030 00000000 		.4byte	.LFB6
 1090 0034 28000000 		.4byte	.LFE6-.LFB6
 1091 0038 B8000000 		.4byte	.LFB7
 1092 003c FC000000 		.4byte	.LFE7-.LFB7
 1093 0040 00000000 		.4byte	0
 1094 0044 00000000 		.4byte	0
 1095              		.section	.debug_ranges,"",%progbits
 1096              	.Ldebug_ranges0:
 1097 0000 00000000 		.4byte	.LFB2
 1098 0004 1E000000 		.4byte	.LFE2
ARM GAS  C:\Users\BABEH_~1\AppData\Local\Temp\ccwlT7S3.s 			page 26


 1099 0008 00000000 		.4byte	.LFB3
 1100 000c 20000000 		.4byte	.LFE3
 1101 0010 00000000 		.4byte	.LFB4
 1102 0014 20000000 		.4byte	.LFE4
 1103 0018 00000000 		.4byte	.LFB5
 1104 001c B8000000 		.4byte	.LFE5
 1105 0020 00000000 		.4byte	.LFB6
 1106 0024 28000000 		.4byte	.LFE6
 1107 0028 B8000000 		.4byte	.LFB7
 1108 002c B4010000 		.4byte	.LFE7
 1109 0030 00000000 		.4byte	0
 1110 0034 00000000 		.4byte	0
 1111              		.section	.debug_line,"",%progbits
 1112              	.Ldebug_line0:
 1113 0000 69010000 		.section	.debug_str,"MS",%progbits,1
 1113      0200CB00 
 1113      00000201 
 1113      FB0E0D00 
 1113      01010101 
 1114              	.LASF19:
 1115 0000 72656733 		.ascii	"reg32\000"
 1115      3200
 1116              	.LASF12:
 1117 0006 73697A65 		.ascii	"size_t\000"
 1117      5F7400
 1118              	.LASF25:
 1119 000d 416E616C 		.ascii	"AnalogSetDefault\000"
 1119      6F675365 
 1119      74446566 
 1119      61756C74 
 1119      00
 1120              	.LASF29:
 1121 001e 6366675F 		.ascii	"cfg_memset_list\000"
 1121      6D656D73 
 1121      65745F6C 
 1121      69737400 
 1122              	.LASF24:
 1123 002e 436C6F63 		.ascii	"ClockSetup\000"
 1123      6B536574 
 1123      757000
 1124              	.LASF6:
 1125 0039 73686F72 		.ascii	"short unsigned int\000"
 1125      7420756E 
 1125      7369676E 
 1125      65642069 
 1125      6E7400
 1126              	.LASF16:
 1127 004c 666C6F61 		.ascii	"float\000"
 1127      7400
 1128              	.LASF22:
 1129 0052 64657374 		.ascii	"dest\000"
 1129      00
 1130              	.LASF27:
 1131 0057 73697A65 		.ascii	"size\000"
 1131      00
 1132              	.LASF18:
 1133 005c 72656738 		.ascii	"reg8\000"
ARM GAS  C:\Users\BABEH_~1\AppData\Local\Temp\ccwlT7S3.s 			page 27


 1133      00
 1134              	.LASF8:
 1135 0061 6C6F6E67 		.ascii	"long unsigned int\000"
 1135      20756E73 
 1135      69676E65 
 1135      6420696E 
 1135      7400
 1136              	.LASF13:
 1137 0073 75696E74 		.ascii	"uint8\000"
 1137      3800
 1138              	.LASF20:
 1139 0079 43594D45 		.ascii	"CYMEMZERO\000"
 1139      4D5A4552 
 1139      4F00
 1140              	.LASF30:
 1141 0083 474E5520 		.ascii	"GNU C11 5.4.1 20160609 (release) [ARM/embedded-5-br"
 1141      43313120 
 1141      352E342E 
 1141      31203230 
 1141      31363036 
 1142 00b6 616E6368 		.ascii	"anch revision 237715] -mcpu=cortex-m0 -mthumb -g -O"
 1142      20726576 
 1142      6973696F 
 1142      6E203233 
 1142      37373135 
 1143 00e9 30202D66 		.ascii	"0 -ffunction-sections -ffat-lto-objects\000"
 1143      66756E63 
 1143      74696F6E 
 1143      2D736563 
 1143      74696F6E 
 1144              	.LASF4:
 1145 0111 756E7369 		.ascii	"unsigned char\000"
 1145      676E6564 
 1145      20636861 
 1145      7200
 1146              	.LASF17:
 1147 011f 646F7562 		.ascii	"double\000"
 1147      6C6500
 1148              	.LASF33:
 1149 0126 63796669 		.ascii	"cyfitter_cfg\000"
 1149      74746572 
 1149      5F636667 
 1149      00
 1150              	.LASF14:
 1151 0133 75696E74 		.ascii	"uint16\000"
 1151      313600
 1152              	.LASF15:
 1153 013a 75696E74 		.ascii	"uint32\000"
 1153      333200
 1154              	.LASF0:
 1155 0141 756E7369 		.ascii	"unsigned int\000"
 1155      676E6564 
 1155      20696E74 
 1155      00
 1156              	.LASF26:
 1157 014e 61646472 		.ascii	"address\000"
 1157      65737300 
ARM GAS  C:\Users\BABEH_~1\AppData\Local\Temp\ccwlT7S3.s 			page 28


 1158              	.LASF9:
 1159 0156 6C6F6E67 		.ascii	"long long unsigned int\000"
 1159      206C6F6E 
 1159      6720756E 
 1159      7369676E 
 1159      65642069 
 1160              	.LASF28:
 1161 016d 6366675F 		.ascii	"cfg_memset_t\000"
 1161      6D656D73 
 1161      65745F74 
 1161      00
 1162              	.LASF10:
 1163 017a 73697A65 		.ascii	"sizetype\000"
 1163      74797065 
 1163      00
 1164              	.LASF1:
 1165 0183 6C6F6E67 		.ascii	"long long int\000"
 1165      206C6F6E 
 1165      6720696E 
 1165      7400
 1166              	.LASF11:
 1167 0191 63686172 		.ascii	"char\000"
 1167      00
 1168              	.LASF5:
 1169 0196 73686F72 		.ascii	"short int\000"
 1169      7420696E 
 1169      7400
 1170              	.LASF7:
 1171 01a0 6C6F6E67 		.ascii	"long int\000"
 1171      20696E74 
 1171      00
 1172              	.LASF2:
 1173 01a9 6C6F6E67 		.ascii	"long double\000"
 1173      20646F75 
 1173      626C6500 
 1174              	.LASF3:
 1175 01b5 7369676E 		.ascii	"signed char\000"
 1175      65642063 
 1175      68617200 
 1176              	.LASF31:
 1177 01c1 47656E65 		.ascii	"Generated_Source\\PSoC4\\cyfitter_cfg.c\000"
 1177      72617465 
 1177      645F536F 
 1177      75726365 
 1177      5C50536F 
 1178              	.LASF32:
 1179 01e7 433A5C55 		.ascii	"C:\\Users\\babeh_000\\Documents\\PSoC Creator\\BLE_"
 1179      73657273 
 1179      5C626162 
 1179      65685F30 
 1179      30305C44 
 1180 0215 54656D70 		.ascii	"Temperature_Measurement01\\BLE_Temperature_Measurem"
 1180      65726174 
 1180      7572655F 
 1180      4D656173 
 1180      7572656D 
 1181 0247 656E7430 		.ascii	"ent01.cydsn\000"
ARM GAS  C:\Users\BABEH_~1\AppData\Local\Temp\ccwlT7S3.s 			page 29


 1181      312E6379 
 1181      64736E00 
 1182              	.LASF23:
 1183 0253 4359434F 		.ascii	"CYCONFIGCPYCODE\000"
 1183      4E464947 
 1183      43505943 
 1183      4F444500 
 1184              	.LASF21:
 1185 0263 4359434F 		.ascii	"CYCONFIGCPY\000"
 1185      4E464947 
 1185      43505900 
 1186              		.ident	"GCC: (GNU Tools for ARM Embedded Processors) 5.4.1 20160609 (release) [ARM/embedded-5-bran
